// Jest Snapshot v1, https://goo.gl/fbAQLP

exports[`TextHeading shold match snapshot: TextHeading 1`] = `<View />`;
